---
source: src/class_parser/attribute_info/mod.rs
expression: parser(&buf).unwrap()
---
(
    [],
    [
        AttributeInfo {
            attribute_name_index: 13,
            info: [
                0,
                14,
            ],
        },
    ],
)
